
         /\      Grafana   /‾‾/  
    /\  /  \     |\  __   /  /   
   /  \/    \    | |/ /  /   ‾‾\ 
  /          \   |   (  |  (‾)  |
 / __________ \  |_|\_\  \_____/ 


     execution: local
        script: /scripts/error-load.js
        output: -

     scenarios: (100.00%) 1 scenario, 1000 max VUs, 40s max duration (incl. graceful stop):
              * db_fallback_index_on_run_1: 100.00 iterations/s for 30s (maxVUs: 200-1000, gracefulStop: 10s)


running (01.0s), 0002/0200 VUs, 94 complete and 0 interrupted iterations
db_fallback_index_on_run_1   [   3% ] 0002/0200 VUs  01.0s/30s  100.00 iters/s

running (02.0s), 0004/0200 VUs, 192 complete and 0 interrupted iterations
db_fallback_index_on_run_1   [   7% ] 0004/0200 VUs  02.0s/30s  100.00 iters/s

running (03.0s), 0001/0200 VUs, 295 complete and 0 interrupted iterations
db_fallback_index_on_run_1   [  10% ] 0001/0200 VUs  03.0s/30s  100.00 iters/s

running (04.0s), 0000/0200 VUs, 396 complete and 0 interrupted iterations
db_fallback_index_on_run_1   [  13% ] 0000/0200 VUs  04.0s/30s  100.00 iters/s

running (05.0s), 0000/0200 VUs, 496 complete and 0 interrupted iterations
db_fallback_index_on_run_1   [  17% ] 0000/0200 VUs  05.0s/30s  100.00 iters/s

running (06.0s), 0082/0200 VUs, 514 complete and 0 interrupted iterations
db_fallback_index_on_run_1   [  20% ] 0082/0200 VUs  06.0s/30s  100.00 iters/s

running (07.0s), 0182/0200 VUs, 514 complete and 0 interrupted iterations
db_fallback_index_on_run_1   [  23% ] 0182/0200 VUs  07.0s/30s  100.00 iters/s

running (08.0s), 0241/0241 VUs, 514 complete and 0 interrupted iterations
db_fallback_index_on_run_1   [  27% ] 0241/0241 VUs  08.0s/30s  100.00 iters/s

running (09.0s), 0291/0291 VUs, 514 complete and 0 interrupted iterations
db_fallback_index_on_run_1   [  30% ] 0291/0291 VUs  09.0s/30s  100.00 iters/s

running (10.0s), 0190/0298 VUs, 708 complete and 0 interrupted iterations
db_fallback_index_on_run_1   [  33% ] 0190/0298 VUs  10.0s/30s  100.00 iters/s

running (11.0s), 0000/0298 VUs, 998 complete and 0 interrupted iterations
db_fallback_index_on_run_1   [  37% ] 0000/0298 VUs  11.0s/30s  100.00 iters/s

running (12.0s), 0000/0298 VUs, 1098 complete and 0 interrupted iterations
db_fallback_index_on_run_1   [  40% ] 0000/0298 VUs  12.0s/30s  100.00 iters/s

running (13.0s), 0000/0298 VUs, 1198 complete and 0 interrupted iterations
db_fallback_index_on_run_1   [  43% ] 0000/0298 VUs  13.0s/30s  100.00 iters/s

running (14.0s), 0000/0298 VUs, 1298 complete and 0 interrupted iterations
db_fallback_index_on_run_1   [  47% ] 0000/0298 VUs  14.0s/30s  100.00 iters/s

running (15.0s), 0000/0298 VUs, 1398 complete and 0 interrupted iterations
db_fallback_index_on_run_1   [  50% ] 0000/0298 VUs  15.0s/30s  100.00 iters/s

running (16.0s), 0000/0298 VUs, 1498 complete and 0 interrupted iterations
db_fallback_index_on_run_1   [  53% ] 0000/0298 VUs  16.0s/30s  100.00 iters/s

running (17.0s), 0000/0298 VUs, 1598 complete and 0 interrupted iterations
db_fallback_index_on_run_1   [  57% ] 0000/0298 VUs  17.0s/30s  100.00 iters/s

running (18.0s), 0000/0298 VUs, 1698 complete and 0 interrupted iterations
db_fallback_index_on_run_1   [  60% ] 0000/0298 VUs  18.0s/30s  100.00 iters/s

running (19.0s), 0000/0298 VUs, 1798 complete and 0 interrupted iterations
db_fallback_index_on_run_1   [  63% ] 0000/0298 VUs  19.0s/30s  100.00 iters/s

running (20.0s), 0086/0298 VUs, 1812 complete and 0 interrupted iterations
db_fallback_index_on_run_1   [  67% ] 0086/0298 VUs  20.0s/30s  100.00 iters/s

running (21.0s), 0186/0298 VUs, 1812 complete and 0 interrupted iterations
db_fallback_index_on_run_1   [  70% ] 0186/0298 VUs  21.0s/30s  100.00 iters/s

running (22.0s), 0286/0298 VUs, 1812 complete and 0 interrupted iterations
db_fallback_index_on_run_1   [  73% ] 0286/0298 VUs  22.0s/30s  100.00 iters/s

running (23.0s), 0342/0342 VUs, 1812 complete and 0 interrupted iterations
db_fallback_index_on_run_1   [  77% ] 0342/0342 VUs  23.0s/30s  100.00 iters/s

running (24.0s), 0173/0348 VUs, 2075 complete and 0 interrupted iterations
db_fallback_index_on_run_1   [  80% ] 0173/0348 VUs  24.0s/30s  100.00 iters/s

running (25.0s), 0000/0348 VUs, 2348 complete and 0 interrupted iterations
db_fallback_index_on_run_1   [  83% ] 0000/0348 VUs  25.0s/30s  100.00 iters/s

running (26.0s), 0000/0348 VUs, 2448 complete and 0 interrupted iterations
db_fallback_index_on_run_1   [  87% ] 0000/0348 VUs  26.0s/30s  100.00 iters/s

running (27.0s), 0000/0348 VUs, 2548 complete and 0 interrupted iterations
db_fallback_index_on_run_1   [  90% ] 0000/0348 VUs  27.0s/30s  100.00 iters/s

running (28.0s), 0000/0348 VUs, 2648 complete and 0 interrupted iterations
db_fallback_index_on_run_1   [  93% ] 0000/0348 VUs  28.0s/30s  100.00 iters/s

running (29.0s), 0000/0348 VUs, 2748 complete and 0 interrupted iterations
db_fallback_index_on_run_1   [  97% ] 0000/0348 VUs  29.0s/30s  100.00 iters/s

running (30.0s), 0000/0348 VUs, 2848 complete and 0 interrupted iterations
db_fallback_index_on_run_1   [ 100% ] 0000/0348 VUs  30.0s/30s  100.00 iters/s
db_fallback_index_on_run_1 summary saved.

running (30.0s), 0000/0348 VUs, 2852 complete and 0 interrupted iterations
db_fallback_index_on_run_1 ✓ [ 100% ] 0000/0348 VUs  30s  100.00 iters/s
