
         /\      Grafana   /‾‾/  
    /\  /  \     |\  __   /  /   
   /  \/    \    | |/ /  /   ‾‾\ 
  /          \   |   (  |  (‾)  |
 / __________ \  |_|\_\  \_____/ 


     execution: local
        script: /scripts/error-load.js
        output: -

     scenarios: (100.00%) 1 scenario, 1000 max VUs, 15s max duration (incl. graceful stop):
              * warmup_redis_cooldown_on_run_1: 100.00 iterations/s for 5s (maxVUs: 200-1000, gracefulStop: 10s)


running (00.9s), 0094/0200 VUs, 0 complete and 0 interrupted iterations
warmup_redis_cooldown_on_run_1   [  19% ] 0094/0200 VUs  0.9s/5s  100.00 iters/s

running (01.9s), 0194/0200 VUs, 0 complete and 0 interrupted iterations
warmup_redis_cooldown_on_run_1   [  39% ] 0194/0200 VUs  1.9s/5s  100.00 iters/s

running (02.9s), 0247/0247 VUs, 0 complete and 0 interrupted iterations
warmup_redis_cooldown_on_run_1   [  59% ] 0247/0247 VUs  2.9s/5s  100.00 iters/s

running (03.9s), 0199/0264 VUs, 131 complete and 0 interrupted iterations
warmup_redis_cooldown_on_run_1   [  79% ] 0199/0264 VUs  3.9s/5s  100.00 iters/s

running (04.9s), 0069/0264 VUs, 361 complete and 0 interrupted iterations
warmup_redis_cooldown_on_run_1   [  99% ] 0069/0264 VUs  4.9s/5s  100.00 iters/s
warmup_redis_cooldown_on_run_1 summary saved.

running (05.1s), 0000/0264 VUs, 436 complete and 0 interrupted iterations
warmup_redis_cooldown_on_run_1 ✓ [ 100% ] 0000/0264 VUs  5s  100.00 iters/s
