
         /\      Grafana   /‾‾/  
    /\  /  \     |\  __   /  /   
   /  \/    \    | |/ /  /   ‾‾\ 
  /          \   |   (  |  (‾)  |
 / __________ \  |_|\_\  \_____/ 


     execution: local
        script: /scripts/error-load.js
        output: -

     scenarios: (100.00%) 1 scenario, 1000 max VUs, 15s max duration (incl. graceful stop):
              * warmup_explain_db_fallback_index_off_preheat_run_1: 100.00 iterations/s for 5s (maxVUs: 200-1000, gracefulStop: 10s)


running (01.0s), 0099/0200 VUs, 0 complete and 0 interrupted iterations
warmup_explain_db_fallback_...   [  20% ] 0099/0200 VUs  1.0s/5s  100.00 iters/s

running (02.0s), 0199/0200 VUs, 0 complete and 0 interrupted iterations
warmup_explain_db_fallback_...   [  40% ] 0199/0200 VUs  2.0s/5s  100.00 iters/s

running (03.0s), 0249/0250 VUs, 0 complete and 0 interrupted iterations
warmup_explain_db_fallback_...   [  60% ] 0249/0250 VUs  3.0s/5s  100.00 iters/s

running (04.0s), 0299/0300 VUs, 0 complete and 0 interrupted iterations
warmup_explain_db_fallback_...   [  80% ] 0299/0300 VUs  4.0s/5s  100.00 iters/s

running (05.0s), 0349/0349 VUs, 0 complete and 0 interrupted iterations
warmup_explain_db_fallback_...   [ 100% ] 0349/0349 VUs  5.0s/5s  100.00 iters/s

running (06.0s), 0350/0351 VUs, 0 complete and 0 interrupted iterations
warmup_explain_db_fallback_... ↓ [ 100% ] 0350/0350 VUs  5s  100.00 iters/s

running (07.0s), 0350/0351 VUs, 0 complete and 0 interrupted iterations
warmup_explain_db_fallback_... ↓ [ 100% ] 0350/0350 VUs  5s  100.00 iters/s

running (08.0s), 0158/0351 VUs, 192 complete and 0 interrupted iterations
warmup_explain_db_fallback_... ↓ [ 100% ] 0350/0350 VUs  5s  100.00 iters/s
warmup_explain_db_fallback_index_off_preheat_run_1 summary saved.

running (08.8s), 0000/0351 VUs, 350 complete and 0 interrupted iterations
warmup_explain_db_fallback_... ✓ [ 100% ] 0000/0351 VUs  5s  100.00 iters/s
