
         /\      Grafana   /‾‾/  
    /\  /  \     |\  __   /  /   
   /  \/    \    | |/ /  /   ‾‾\ 
  /          \   |   (  |  (‾)  |
 / __________ \  |_|\_\  \_____/ 


     execution: local
        script: /scripts/error-load.js
        output: -

     scenarios: (100.00%) 1 scenario, 1000 max VUs, 15s max duration (incl. graceful stop):
              * warmup_nth_alert_db_fallback_preheat_run_1: 100.00 iterations/s for 5s (maxVUs: 200-1000, gracefulStop: 10s)


running (01.0s), 0097/0200 VUs, 0 complete and 0 interrupted iterations
warmup_nth_alert_db_fallbac...   [  19% ] 0097/0200 VUs  1.0s/5s  100.00 iters/s

running (02.0s), 0196/0200 VUs, 0 complete and 0 interrupted iterations
warmup_nth_alert_db_fallbac...   [  39% ] 0196/0200 VUs  2.0s/5s  100.00 iters/s

running (03.0s), 0248/0248 VUs, 0 complete and 0 interrupted iterations
warmup_nth_alert_db_fallbac...   [  59% ] 0248/0248 VUs  3.0s/5s  100.00 iters/s

running (04.0s), 0298/0298 VUs, 0 complete and 0 interrupted iterations
warmup_nth_alert_db_fallbac...   [  79% ] 0298/0298 VUs  4.0s/5s  100.00 iters/s

running (05.0s), 0348/0348 VUs, 0 complete and 0 interrupted iterations
warmup_nth_alert_db_fallbac...   [  99% ] 0348/0348 VUs  5.0s/5s  100.00 iters/s

running (06.0s), 0350/0351 VUs, 0 complete and 0 interrupted iterations
warmup_nth_alert_db_fallbac... ↓ [ 100% ] 0350/0350 VUs  5s  100.00 iters/s

running (07.0s), 0234/0351 VUs, 116 complete and 0 interrupted iterations
warmup_nth_alert_db_fallbac... ↓ [ 100% ] 0350/0350 VUs  5s  100.00 iters/s

running (08.0s), 0106/0351 VUs, 244 complete and 0 interrupted iterations
warmup_nth_alert_db_fallbac... ↓ [ 100% ] 0350/0350 VUs  5s  100.00 iters/s
warmup_nth_alert_db_fallback_preheat_run_1 summary saved.

running (08.5s), 0000/0351 VUs, 350 complete and 0 interrupted iterations
warmup_nth_alert_db_fallbac... ✓ [ 100% ] 0000/0351 VUs  5s  100.00 iters/s
