
         /\      Grafana   /‾‾/  
    /\  /  \     |\  __   /  /   
   /  \/    \    | |/ /  /   ‾‾\ 
  /          \   |   (  |  (‾)  |
 / __________ \  |_|\_\  \_____/ 


     execution: local
        script: /scripts/error-load.js
        output: -

     scenarios: (100.00%) 1 scenario, 1000 max VUs, 15s max duration (incl. graceful stop):
              * warmup_nth_alert_redis_preheat_run_2: 100.00 iterations/s for 5s (maxVUs: 200-1000, gracefulStop: 10s)


running (01.0s), 0099/0200 VUs, 0 complete and 0 interrupted iterations
warmup_nth_alert_redis_preh...   [  20% ] 0099/0200 VUs  1.0s/5s  100.00 iters/s

running (02.0s), 0199/0200 VUs, 0 complete and 0 interrupted iterations
warmup_nth_alert_redis_preh...   [  40% ] 0199/0200 VUs  2.0s/5s  100.00 iters/s

running (03.0s), 0249/0250 VUs, 0 complete and 0 interrupted iterations
warmup_nth_alert_redis_preh...   [  60% ] 0249/0250 VUs  3.0s/5s  100.00 iters/s

running (04.0s), 0275/0276 VUs, 48 complete and 0 interrupted iterations
warmup_nth_alert_redis_preh...   [  80% ] 0275/0276 VUs  4.0s/5s  100.00 iters/s

running (05.0s), 0289/0291 VUs, 119 complete and 0 interrupted iterations
warmup_nth_alert_redis_preh...   [ 100% ] 0289/0291 VUs  5.0s/5s  100.00 iters/s

running (06.0s), 0072/0291 VUs, 338 complete and 0 interrupted iterations
warmup_nth_alert_redis_preh... ↓ [ 100% ] 0291/0291 VUs  5s  100.00 iters/s
warmup_nth_alert_redis_preheat_run_2 summary saved.

running (06.1s), 0000/0291 VUs, 410 complete and 0 interrupted iterations
warmup_nth_alert_redis_preh... ✓ [ 100% ] 0000/0291 VUs  5s  100.00 iters/s
