
         /\      Grafana   /‾‾/  
    /\  /  \     |\  __   /  /   
   /  \/    \    | |/ /  /   ‾‾\ 
  /          \   |   (  |  (‾)  |
 / __________ \  |_|\_\  \_____/ 


     execution: local
        script: /scripts/error-load.js
        output: -

     scenarios: (100.00%) 1 scenario, 1000 max VUs, 15s max duration (incl. graceful stop):
              * warmup_db_fallback_index_on_run_2: 100.00 iterations/s for 5s (maxVUs: 200-1000, gracefulStop: 10s)


running (00.9s), 0095/0200 VUs, 0 complete and 0 interrupted iterations
warmup_db_fallback_index_on...   [  19% ] 0095/0200 VUs  0.9s/5s  100.00 iters/s

running (01.9s), 0195/0200 VUs, 0 complete and 0 interrupted iterations
warmup_db_fallback_index_on...   [  39% ] 0195/0200 VUs  1.9s/5s  100.00 iters/s

running (02.9s), 0247/0248 VUs, 0 complete and 0 interrupted iterations
warmup_db_fallback_index_on...   [  59% ] 0247/0248 VUs  2.9s/5s  100.00 iters/s

running (03.9s), 0297/0298 VUs, 0 complete and 0 interrupted iterations
warmup_db_fallback_index_on...   [  79% ] 0297/0298 VUs  3.9s/5s  100.00 iters/s

running (04.9s), 0347/0348 VUs, 0 complete and 0 interrupted iterations
warmup_db_fallback_index_on...   [  99% ] 0347/0348 VUs  4.9s/5s  100.00 iters/s

running (05.9s), 0350/0351 VUs, 0 complete and 0 interrupted iterations
warmup_db_fallback_index_on... ↓ [ 100% ] 0350/0350 VUs  5s  100.00 iters/s

running (06.9s), 0350/0351 VUs, 0 complete and 0 interrupted iterations
warmup_db_fallback_index_on... ↓ [ 100% ] 0350/0350 VUs  5s  100.00 iters/s

running (07.9s), 0173/0351 VUs, 177 complete and 0 interrupted iterations
warmup_db_fallback_index_on... ↓ [ 100% ] 0350/0350 VUs  5s  100.00 iters/s
warmup_db_fallback_index_on_run_2 summary saved.

running (08.9s), 0000/0351 VUs, 350 complete and 0 interrupted iterations
warmup_db_fallback_index_on... ✓ [ 100% ] 0000/0351 VUs  5s  100.00 iters/s
