
         /\      Grafana   /‾‾/  
    /\  /  \     |\  __   /  /   
   /  \/    \    | |/ /  /   ‾‾\ 
  /          \   |   (  |  (‾)  |
 / __________ \  |_|\_\  \_____/ 


     execution: local
        script: /scripts/error-load.js
        output: -

     scenarios: (100.00%) 1 scenario, 1000 max VUs, 15s max duration (incl. graceful stop):
              * warmup_db_fallback_index_off_run_3: 100.00 iterations/s for 5s (maxVUs: 200-1000, gracefulStop: 10s)


running (01.0s), 0097/0200 VUs, 0 complete and 0 interrupted iterations
warmup_db_fallback_index_of...   [  19% ] 0097/0200 VUs  1.0s/5s  100.00 iters/s

running (02.0s), 0197/0200 VUs, 0 complete and 0 interrupted iterations
warmup_db_fallback_index_of...   [  39% ] 0197/0200 VUs  2.0s/5s  100.00 iters/s

running (03.0s), 0248/0249 VUs, 0 complete and 0 interrupted iterations
warmup_db_fallback_index_of...   [  59% ] 0248/0249 VUs  3.0s/5s  100.00 iters/s

running (04.0s), 0298/0299 VUs, 0 complete and 0 interrupted iterations
warmup_db_fallback_index_of...   [  79% ] 0298/0299 VUs  4.0s/5s  100.00 iters/s

running (05.0s), 0348/0349 VUs, 0 complete and 0 interrupted iterations
warmup_db_fallback_index_of...   [  99% ] 0348/0349 VUs  5.0s/5s  100.00 iters/s

running (06.0s), 0350/0351 VUs, 0 complete and 0 interrupted iterations
warmup_db_fallback_index_of... ↓ [ 100% ] 0350/0350 VUs  5s  100.00 iters/s

running (07.0s), 0350/0351 VUs, 0 complete and 0 interrupted iterations
warmup_db_fallback_index_of... ↓ [ 100% ] 0350/0350 VUs  5s  100.00 iters/s

running (08.0s), 0274/0351 VUs, 76 complete and 0 interrupted iterations
warmup_db_fallback_index_of... ↓ [ 100% ] 0350/0350 VUs  5s  100.00 iters/s

running (09.0s), 0091/0351 VUs, 259 complete and 0 interrupted iterations
warmup_db_fallback_index_of... ↓ [ 100% ] 0350/0350 VUs  5s  100.00 iters/s
warmup_db_fallback_index_off_run_3 summary saved.

running (09.3s), 0000/0351 VUs, 350 complete and 0 interrupted iterations
warmup_db_fallback_index_of... ✓ [ 100% ] 0000/0351 VUs  5s  100.00 iters/s
